[INFO] Reading content from: AI_Employee_Vault/Pending_Approval/LINKEDIN_POST_business_update_20260218_192013.md
[INFO] Content length: 398 characters
[INFO] Using saved session from: C:\Users\Dell\Desktop\New folder (3)\AI_personal_Employee\browser_data\linkedin
[INFO] Launching browser...
[INFO] Navigating to LinkedIn feed...
[SUCCESS] Logged in via saved session
[INFO] Opening post composer...
[INFO] Typing content...
[INFO] Publishing post...
[SUCCESS] LinkedIn post published successfully!
[SUCCESS] Post completed successfully
